  AudioManager.cpp
  DataManager.cpp
  DebugMenu.cpp
C:\Users\G2343\Documents\GitHub\hakusura\HaxSlaGame\HaxSlaGame\UI.h(1,1): warning C4819: ファイルは、現在のコード ページ (932) で表示できない文字を含んでいます。データの損失を防ぐために、ファイルを Unicode 形式で保存してください。
  (ソース ファイル 'DebugMenu.cpp' をコンパイルしています)
  
  Dungeon.cpp
C:\Users\G2343\Documents\GitHub\hakusura\HaxSlaGame\HaxSlaGame\Dungeon.cpp(121,124): warning C4244: '引数': 'float' から 'int' への変換です。データが失われる可能性があります。
C:\Users\G2343\Documents\GitHub\hakusura\HaxSlaGame\HaxSlaGame\Dungeon.cpp(121,94): warning C4244: '引数': 'float' から 'int' への変換です。データが失われる可能性があります。
C:\Users\G2343\Documents\GitHub\hakusura\HaxSlaGame\HaxSlaGame\Dungeon.cpp(121,64): warning C4244: '引数': 'float' から 'int' への変換です。データが失われる可能性があります。
C:\Users\G2343\Documents\GitHub\hakusura\HaxSlaGame\HaxSlaGame\Dungeon.cpp(121,34): warning C4244: '引数': 'float' から 'int' への変換です。データが失われる可能性があります。
C:\Users\G2343\Documents\GitHub\hakusura\HaxSlaGame\HaxSlaGame\Dungeon.cpp(122,124): warning C4244: '引数': 'float' から 'int' への変換です。データが失われる可能性があります。
C:\Users\G2343\Documents\GitHub\hakusura\HaxSlaGame\HaxSlaGame\Dungeon.cpp(122,94): warning C4244: '引数': 'float' から 'int' への変換です。データが失われる可能性があります。
C:\Users\G2343\Documents\GitHub\hakusura\HaxSlaGame\HaxSlaGame\Dungeon.cpp(122,64): warning C4244: '引数': 'float' から 'int' への変換です。データが失われる可能性があります。
C:\Users\G2343\Documents\GitHub\hakusura\HaxSlaGame\HaxSlaGame\Dungeon.cpp(122,34): warning C4244: '引数': 'float' から 'int' への変換です。データが失われる可能性があります。
C:\Users\G2343\Documents\GitHub\hakusura\HaxSlaGame\HaxSlaGame\Dungeon.cpp(132,124): warning C4244: '引数': 'float' から 'int' への変換です。データが失われる可能性があります。
C:\Users\G2343\Documents\GitHub\hakusura\HaxSlaGame\HaxSlaGame\Dungeon.cpp(132,94): warning C4244: '引数': 'float' から 'int' への変換です。データが失われる可能性があります。
C:\Users\G2343\Documents\GitHub\hakusura\HaxSlaGame\HaxSlaGame\Dungeon.cpp(132,64): warning C4244: '引数': 'float' から 'int' への変換です。データが失われる可能性があります。
C:\Users\G2343\Documents\GitHub\hakusura\HaxSlaGame\HaxSlaGame\Dungeon.cpp(132,34): warning C4244: '引数': 'float' から 'int' への変換です。データが失われる可能性があります。
C:\Users\G2343\Documents\GitHub\hakusura\HaxSlaGame\HaxSlaGame\Dungeon.cpp(169,33): warning C4244: '引数': 'int' から 'float' への変換です。データが失われる可能性があります。
C:\Users\G2343\Documents\GitHub\hakusura\HaxSlaGame\HaxSlaGame\Dungeon.cpp(169,29): warning C4244: '引数': 'int' から 'float' への変換です。データが失われる可能性があります。
C:\Users\G2343\Documents\GitHub\hakusura\HaxSlaGame\HaxSlaGame\Dungeon.cpp(169,58): warning C4244: '引数': 'int' から 'float' への変換です。データが失われる可能性があります。
C:\Users\G2343\Documents\GitHub\hakusura\HaxSlaGame\HaxSlaGame\Dungeon.cpp(169,54): warning C4244: '引数': 'int' から 'float' への変換です。データが失われる可能性があります。
C:\Users\G2343\Documents\GitHub\hakusura\HaxSlaGame\HaxSlaGame\Dungeon.cpp(170,33): warning C4244: '引数': 'int' から 'float' への変換です。データが失われる可能性があります。
C:\Users\G2343\Documents\GitHub\hakusura\HaxSlaGame\HaxSlaGame\Dungeon.cpp(170,29): warning C4244: '引数': 'int' から 'float' への変換です。データが失われる可能性があります。
C:\Users\G2343\Documents\GitHub\hakusura\HaxSlaGame\HaxSlaGame\Dungeon.cpp(170,58): warning C4244: '引数': 'int' から 'float' への変換です。データが失われる可能性があります。
C:\Users\G2343\Documents\GitHub\hakusura\HaxSlaGame\HaxSlaGame\Dungeon.cpp(170,54): warning C4244: '引数': 'int' から 'float' への変換です。データが失われる可能性があります。
C:\Users\G2343\Documents\GitHub\hakusura\HaxSlaGame\HaxSlaGame\Dungeon.cpp(303,23): warning C4244: '初期化中': 'double' から 'float' への変換です。データが失われる可能性があります。
C:\Users\G2343\Documents\GitHub\hakusura\HaxSlaGame\HaxSlaGame\Dungeon.cpp(305,29): warning C4244: '初期化中': 'double' から 'float' への変換です。データが失われる可能性があります。
  EffectManager.cpp
C:\Users\G2343\Documents\GitHub\hakusura\HaxSlaGame\HaxSlaGame\UI.h(1,1): warning C4819: ファイルは、現在のコード ページ (932) で表示できない文字を含んでいます。データの損失を防ぐために、ファイルを Unicode 形式で保存してください。
  (ソース ファイル 'EffectManager.cpp' をコンパイルしています)
  
  Enemy.cpp
C:\Users\G2343\Documents\GitHub\hakusura\HaxSlaGame\HaxSlaGame\UI.h(1,1): warning C4819: ファイルは、現在のコード ページ (932) で表示できない文字を含んでいます。データの損失を防ぐために、ファイルを Unicode 形式で保存してください。
  (ソース ファイル 'Enemy.cpp' をコンパイルしています)
  
  Game_Draw.cpp
C:\Users\G2343\Documents\GitHub\hakusura\HaxSlaGame\HaxSlaGame\UI.h(1,1): warning C4819: ファイルは、現在のコード ページ (932) で表示できない文字を含んでいます。データの損失を防ぐために、ファイルを Unicode 形式で保存してください。
  (ソース ファイル 'Game_Draw.cpp' をコンパイルしています)
  
  Game_Main.cpp
C:\Users\G2343\Documents\GitHub\hakusura\HaxSlaGame\HaxSlaGame\UI.h(1,1): warning C4819: ファイルは、現在のコード ページ (932) で表示できない文字を含んでいます。データの損失を防ぐために、ファイルを Unicode 形式で保存してください。
  (ソース ファイル 'Game_Main.cpp' をコンパイルしています)
  
  imgui.cpp
  imgui_demo.cpp
  imgui_draw.cpp
  imgui_tables.cpp
  imgui_widgets.cpp
  rlImGui.cpp
  main.cpp
C:\Users\G2343\Documents\GitHub\hakusura\HaxSlaGame\HaxSlaGame\UI.h(1,1): warning C4819: ファイルは、現在のコード ページ (932) で表示できない文字を含んでいます。データの損失を防ぐために、ファイルを Unicode 形式で保存してください。
  (ソース ファイル 'main.cpp' をコンパイルしています)
  
  Player.cpp
C:\Users\G2343\Documents\GitHub\hakusura\HaxSlaGame\HaxSlaGame\UI.h(1,1): warning C4819: ファイルは、現在のコード ページ (932) で表示できない文字を含んでいます。データの損失を防ぐために、ファイルを Unicode 形式で保存してください。
  (ソース ファイル 'Player.cpp' をコンパイルしています)
  
  StatusEffect.cpp
C:\Users\G2343\Documents\GitHub\hakusura\HaxSlaGame\HaxSlaGame\UI.h(1,1): warning C4819: ファイルは、現在のコード ページ (932) で表示できない文字を含んでいます。データの損失を防ぐために、ファイルを Unicode 形式で保存してください。
  (ソース ファイル 'StatusEffect.cpp' をコンパイルしています)
  
  UI_Facilities.cpp
C:\Users\G2343\Documents\GitHub\hakusura\HaxSlaGame\HaxSlaGame\UI.h(1,1): warning C4819: ファイルは、現在のコード ページ (932) で表示できない文字を含んでいます。データの損失を防ぐために、ファイルを Unicode 形式で保存してください。
  (ソース ファイル 'UI_Facilities.cpp' をコンパイルしています)
  
C:\Users\G2343\Documents\GitHub\hakusura\HaxSlaGame\HaxSlaGame\UI_Facilities.cpp(320,39): warning C4244: '引数': 'float' から 'int' への変換です。データが失われる可能性があります。
C:\Users\G2343\Documents\GitHub\hakusura\HaxSlaGame\HaxSlaGame\UI_Facilities.cpp(320,23): warning C4244: '引数': 'float' から 'int' への変換です。データが失われる可能性があります。
C:\Users\G2343\Documents\GitHub\hakusura\HaxSlaGame\HaxSlaGame\UI_Facilities.cpp(321,44): warning C4244: '引数': 'float' から 'int' への変換です。データが失われる可能性があります。
C:\Users\G2343\Documents\GitHub\hakusura\HaxSlaGame\HaxSlaGame\UI_Facilities.cpp(321,28): warning C4244: '引数': 'float' から 'int' への変換です。データが失われる可能性があります。
C:\Users\G2343\Documents\GitHub\hakusura\HaxSlaGame\HaxSlaGame\UI_Facilities.cpp(344,61): warning C4244: '引数': 'float' から 'int' への変換です。データが失われる可能性があります。
C:\Users\G2343\Documents\GitHub\hakusura\HaxSlaGame\HaxSlaGame\UI_Facilities.cpp(344,37): warning C4244: '引数': 'float' から 'int' への変換です。データが失われる可能性があります。
C:\Users\G2343\Documents\GitHub\hakusura\HaxSlaGame\HaxSlaGame\UI_Facilities.cpp(344,23): warning C4244: '引数': 'float' から 'int' への変換です。データが失われる可能性があります。
C:\Users\G2343\Documents\GitHub\hakusura\HaxSlaGame\HaxSlaGame\UI_Facilities.cpp(358,46): warning C4244: '引数': 'float' から 'int' への変換です。データが失われる可能性があります。
C:\Users\G2343\Documents\GitHub\hakusura\HaxSlaGame\HaxSlaGame\UI_Facilities.cpp(358,32): warning C4244: '引数': 'float' から 'int' への変換です。データが失われる可能性があります。
C:\Users\G2343\Documents\GitHub\hakusura\HaxSlaGame\HaxSlaGame\UI_Facilities.cpp(366,61): warning C4244: '引数': 'float' から 'int' への変換です。データが失われる可能性があります。
C:\Users\G2343\Documents\GitHub\hakusura\HaxSlaGame\HaxSlaGame\UI_Facilities.cpp(366,37): warning C4244: '引数': 'float' から 'int' への変換です。データが失われる可能性があります。
C:\Users\G2343\Documents\GitHub\hakusura\HaxSlaGame\HaxSlaGame\UI_Facilities.cpp(366,23): warning C4244: '引数': 'float' から 'int' への変換です。データが失われる可能性があります。
C:\Users\G2343\Documents\GitHub\hakusura\HaxSlaGame\HaxSlaGame\UI_Facilities.cpp(403,46): warning C4244: '引数': 'float' から 'int' への変換です。データが失われる可能性があります。
C:\Users\G2343\Documents\GitHub\hakusura\HaxSlaGame\HaxSlaGame\UI_Facilities.cpp(403,32): warning C4244: '引数': 'float' から 'int' への変換です。データが失われる可能性があります。
C:\Users\G2343\Documents\GitHub\hakusura\HaxSlaGame\HaxSlaGame\UI_Facilities.cpp(428,31): warning C4244: '引数': 'float' から 'int' への変換です。データが失われる可能性があります。
C:\Users\G2343\Documents\GitHub\hakusura\HaxSlaGame\HaxSlaGame\UI_Facilities.cpp(428,19): warning C4244: '引数': 'float' から 'int' への変換です。データが失われる可能性があります。
C:\Users\G2343\Documents\GitHub\hakusura\HaxSlaGame\HaxSlaGame\UI_Facilities.cpp(429,36): warning C4244: '引数': 'float' から 'int' への変換です。データが失われる可能性があります。
C:\Users\G2343\Documents\GitHub\hakusura\HaxSlaGame\HaxSlaGame\UI_Facilities.cpp(429,24): warning C4244: '引数': 'float' から 'int' への変換です。データが失われる可能性があります。
  UI_Main.cpp
C:\Users\G2343\Documents\GitHub\hakusura\HaxSlaGame\HaxSlaGame\UI.h(1,1): warning C4819: ファイルは、現在のコード ページ (932) で表示できない文字を含んでいます。データの損失を防ぐために、ファイルを Unicode 形式で保存してください。
  (ソース ファイル 'UI_Main.cpp' をコンパイルしています)
  
C:\Users\G2343\Documents\GitHub\hakusura\HaxSlaGame\HaxSlaGame\UI_Main.cpp(108,29): warning C4244: '初期化中': 'double' から 'float' への変換です。データが失われる可能性があります。
C:\Users\G2343\Documents\GitHub\hakusura\HaxSlaGame\HaxSlaGame\UI_Main.cpp(113,31): warning C4267: '=': 'size_t' から 'int' に変換しました。データが失われているかもしれません。
C:\Users\G2343\Documents\GitHub\hakusura\HaxSlaGame\HaxSlaGame\UI_Main.cpp(515,72): warning C4244: '引数': 'float' から 'int' への変換です。データが失われる可能性があります。
C:\Users\G2343\Documents\GitHub\hakusura\HaxSlaGame\HaxSlaGame\UI_Main.cpp(515,64): warning C4244: '引数': 'float' から 'int' への変換です。データが失われる可能性があります。
C:\Users\G2343\Documents\GitHub\hakusura\HaxSlaGame\HaxSlaGame\UI_Main.cpp(515,51): warning C4244: '引数': 'float' から 'int' への変換です。データが失われる可能性があります。
C:\Users\G2343\Documents\GitHub\hakusura\HaxSlaGame\HaxSlaGame\UI_Main.cpp(515,36): warning C4244: '引数': 'float' から 'int' への変換です。データが失われる可能性があります。
C:\Users\G2343\Documents\GitHub\hakusura\HaxSlaGame\HaxSlaGame\UI_Main.cpp(522,97): warning C4244: '引数': 'float' から 'int' への変換です。データが失われる可能性があります。
C:\Users\G2343\Documents\GitHub\hakusura\HaxSlaGame\HaxSlaGame\UI_Main.cpp(522,93): warning C4244: '引数': 'float' から 'int' への変換です。データが失われる可能性があります。
C:\Users\G2343\Documents\GitHub\hakusura\HaxSlaGame\HaxSlaGame\UI_Main.cpp(522,65): warning C4244: '引数': 'float' から 'int' への変換です。データが失われる可能性があります。
C:\Users\G2343\Documents\GitHub\hakusura\HaxSlaGame\HaxSlaGame\UI_Main.cpp(522,32): warning C4244: '引数': 'float' から 'int' への変換です。データが失われる可能性があります。
  UI_Menu.cpp
C:\Users\G2343\Documents\GitHub\hakusura\HaxSlaGame\HaxSlaGame\UI.h(1,1): warning C4819: ファイルは、現在のコード ページ (932) で表示できない文字を含んでいます。データの損失を防ぐために、ファイルを Unicode 形式で保存してください。
  (ソース ファイル 'UI_Menu.cpp' をコンパイルしています)
  
C:\Users\G2343\Documents\GitHub\hakusura\HaxSlaGame\HaxSlaGame\UI_Menu.cpp(214,47): warning C4244: '引数': 'float' から 'int' への変換です。データが失われる可能性があります。
C:\Users\G2343\Documents\GitHub\hakusura\HaxSlaGame\HaxSlaGame\UI_Menu.cpp(214,34): warning C4244: '引数': 'float' から 'int' への変換です。データが失われる可能性があります。
C:\Users\G2343\Documents\GitHub\hakusura\HaxSlaGame\HaxSlaGame\UI_Menu.cpp(215,52): warning C4244: '引数': 'float' から 'int' への変換です。データが失われる可能性があります。
C:\Users\G2343\Documents\GitHub\hakusura\HaxSlaGame\HaxSlaGame\UI_Menu.cpp(215,39): warning C4244: '引数': 'float' から 'int' への変換です。データが失われる可能性があります。
C:\Users\G2343\Documents\GitHub\hakusura\HaxSlaGame\HaxSlaGame\UI_Menu.cpp(275,90): warning C4244: '引数': 'float' から 'int' への変換です。データが失われる可能性があります。
C:\Users\G2343\Documents\GitHub\hakusura\HaxSlaGame\HaxSlaGame\UI_Menu.cpp(275,63): warning C4244: '引数': 'float' から 'int' への変換です。データが失われる可能性があります。
C:\Users\G2343\Documents\GitHub\hakusura\HaxSlaGame\HaxSlaGame\UI_Menu.cpp(275,38): warning C4244: '引数': 'float' から 'int' への変換です。データが失われる可能性があります。
C:\Users\G2343\Documents\GitHub\hakusura\HaxSlaGame\HaxSlaGame\UI_Menu.cpp(275,28): warning C4244: '引数': 'float' から 'int' への変換です。データが失われる可能性があります。
C:\Users\G2343\Documents\GitHub\hakusura\HaxSlaGame\HaxSlaGame\UI_Menu.cpp(280,76): warning C4244: '引数': 'float' から 'int' への変換です。データが失われる可能性があります。
C:\Users\G2343\Documents\GitHub\hakusura\HaxSlaGame\HaxSlaGame\UI_Menu.cpp(280,68): warning C4244: '引数': 'float' から 'int' への変換です。データが失われる可能性があります。
C:\Users\G2343\Documents\GitHub\hakusura\HaxSlaGame\HaxSlaGame\UI_Menu.cpp(280,55): warning C4244: '引数': 'float' から 'int' への変換です。データが失われる可能性があります。
C:\Users\G2343\Documents\GitHub\hakusura\HaxSlaGame\HaxSlaGame\UI_Menu.cpp(280,40): warning C4244: '引数': 'float' から 'int' への変換です。データが失われる可能性があります。
C:\Users\G2343\Documents\GitHub\hakusura\HaxSlaGame\HaxSlaGame\UI_Menu.cpp(284,65): warning C4244: '引数': 'float' から 'int' への変換です。データが失われる可能性があります。
C:\Users\G2343\Documents\GitHub\hakusura\HaxSlaGame\HaxSlaGame\UI_Menu.cpp(284,25): warning C4244: '引数': 'float' から 'int' への変換です。データが失われる可能性があります。
C:\Users\G2343\Documents\GitHub\hakusura\HaxSlaGame\HaxSlaGame\UI_Menu.cpp(312,89): warning C4244: '引数': 'float' から 'int' への変換です。データが失われる可能性があります。
C:\Users\G2343\Documents\GitHub\hakusura\HaxSlaGame\HaxSlaGame\UI_Menu.cpp(312,56): warning C4244: '引数': 'float' から 'int' への変換です。データが失われる可能性があります。
C:\Users\G2343\Documents\GitHub\hakusura\HaxSlaGame\HaxSlaGame\UI_Menu.cpp(312,39): warning C4244: '引数': 'float' から 'int' への変換です。データが失われる可能性があります。
C:\Users\G2343\Documents\GitHub\hakusura\HaxSlaGame\HaxSlaGame\UI_Menu.cpp(312,29): warning C4244: '引数': 'float' から 'int' への変換です。データが失われる可能性があります。
C:\Users\G2343\Documents\GitHub\hakusura\HaxSlaGame\HaxSlaGame\UI_Menu.cpp(329,84): warning C4244: '引数': 'float' から 'int' への変換です。データが失われる可能性があります。
C:\Users\G2343\Documents\GitHub\hakusura\HaxSlaGame\HaxSlaGame\UI_Menu.cpp(329,53): warning C4244: '引数': 'float' から 'int' への変換です。データが失われる可能性があります。
C:\Users\G2343\Documents\GitHub\hakusura\HaxSlaGame\HaxSlaGame\UI_Menu.cpp(329,37): warning C4244: '引数': 'float' から 'int' への変換です。データが失われる可能性があります。
C:\Users\G2343\Documents\GitHub\hakusura\HaxSlaGame\HaxSlaGame\UI_Menu.cpp(329,28): warning C4244: '引数': 'float' から 'int' への変換です。データが失われる可能性があります。
C:\Users\G2343\Documents\GitHub\hakusura\HaxSlaGame\HaxSlaGame\UI_Menu.cpp(348,80): warning C4244: '引数': 'float' から 'int' への変換です。データが失われる可能性があります。
C:\Users\G2343\Documents\GitHub\hakusura\HaxSlaGame\HaxSlaGame\UI_Menu.cpp(348,62): warning C4244: '引数': 'float' から 'int' への変換です。データが失われる可能性があります。
C:\Users\G2343\Documents\GitHub\hakusura\HaxSlaGame\HaxSlaGame\UI_Menu.cpp(348,43): warning C4244: '引数': 'float' から 'int' への変換です。データが失われる可能性があります。
C:\Users\G2343\Documents\GitHub\hakusura\HaxSlaGame\HaxSlaGame\UI_Menu.cpp(348,31): warning C4244: '引数': 'float' から 'int' への変換です。データが失われる可能性があります。
C:\Users\G2343\Documents\GitHub\hakusura\HaxSlaGame\HaxSlaGame\UI_Menu.cpp(362,80): warning C4244: '引数': 'float' から 'int' への変換です。データが失われる可能性があります。
C:\Users\G2343\Documents\GitHub\hakusura\HaxSlaGame\HaxSlaGame\UI_Menu.cpp(362,62): warning C4244: '引数': 'float' から 'int' への変換です。データが失われる可能性があります。
C:\Users\G2343\Documents\GitHub\hakusura\HaxSlaGame\HaxSlaGame\UI_Menu.cpp(362,43): warning C4244: '引数': 'float' から 'int' への変換です。データが失われる可能性があります。
C:\Users\G2343\Documents\GitHub\hakusura\HaxSlaGame\HaxSlaGame\UI_Menu.cpp(362,31): warning C4244: '引数': 'float' から 'int' への変換です。データが失われる可能性があります。
  コード生成しています。
  Previous IPDB not found, fall back to full compilation.
  All 6174 functions were compiled because no usable IPDB/IOBJ from previous compilation was found.
  コード生成が終了しました。
  HaxSlaGame.vcxproj -> C:\Users\G2343\Documents\GitHub\hakusura\HaxSlaGame\x64\Release\HaxSlaGame.exe
