c:\users\g2343\documents\github\hakusura\haxslagame\haxslagame\x64\release\vc143.pdb
c:\haku\hakusura\haxslagame\haxslagame\x64\release\vc143.pdb
c:\haku\hakusura\haxslagame\haxslagame\x64\release\main.obj
c:\haku\hakusura\haxslagame\haxslagame\x64\release\ui_menu.obj
c:\haku\hakusura\haxslagame\haxslagame\x64\release\ui_main.obj
c:\haku\hakusura\haxslagame\haxslagame\x64\release\ui_facilities.obj
c:\haku\hakusura\haxslagame\haxslagame\x64\release\player.obj
c:\haku\hakusura\haxslagame\haxslagame\x64\release\game_main.obj
c:\haku\hakusura\haxslagame\haxslagame\x64\release\game_draw.obj
c:\haku\hakusura\haxslagame\haxslagame\x64\release\enemy.obj
c:\haku\hakusura\haxslagame\haxslagame\x64\release\rlimgui.obj
c:\haku\hakusura\haxslagame\haxslagame\x64\release\imgui_widgets.obj
c:\haku\hakusura\haxslagame\haxslagame\x64\release\imgui_tables.obj
c:\haku\hakusura\haxslagame\haxslagame\x64\release\imgui_draw.obj
c:\haku\hakusura\haxslagame\haxslagame\x64\release\imgui_demo.obj
c:\haku\hakusura\haxslagame\haxslagame\x64\release\imgui.obj
c:\haku\hakusura\haxslagame\haxslagame\x64\release\effectmanager.obj
c:\haku\hakusura\haxslagame\haxslagame\x64\release\dungeon.obj
c:\haku\hakusura\haxslagame\haxslagame\x64\release\datamanager.obj
c:\haku\hakusura\haxslagame\haxslagame\x64\release\audiomanager.obj
c:\haku\hakusura\haxslagame\x64\release\haxslagame.exe
c:\haku\hakusura\haxslagame\x64\release\haxslagame.pdb
c:\haku\hakusura\haxslagame\haxslagame\x64\release\haxslagame.ipdb
c:\haku\hakusura\haxslagame\haxslagame\x64\release\haxslagame.iobj
c:\users\g2343\documents\github\hakusura\haxslagame\haxslagame\x64\release\audiomanager.obj
c:\users\g2343\documents\github\hakusura\haxslagame\haxslagame\x64\release\datamanager.obj
c:\users\g2343\documents\github\hakusura\haxslagame\haxslagame\x64\release\dungeon.obj
c:\users\g2343\documents\github\hakusura\haxslagame\haxslagame\x64\release\effectmanager.obj
c:\users\g2343\documents\github\hakusura\haxslagame\haxslagame\x64\release\enemy.obj
c:\users\g2343\documents\github\hakusura\haxslagame\haxslagame\x64\release\game.obj
c:\users\g2343\documents\github\hakusura\haxslagame\haxslagame\x64\release\imgui.obj
c:\users\g2343\documents\github\hakusura\haxslagame\haxslagame\x64\release\imgui_demo.obj
c:\users\g2343\documents\github\hakusura\haxslagame\haxslagame\x64\release\imgui_draw.obj
c:\users\g2343\documents\github\hakusura\haxslagame\haxslagame\x64\release\imgui_tables.obj
c:\users\g2343\documents\github\hakusura\haxslagame\haxslagame\x64\release\imgui_widgets.obj
c:\users\g2343\documents\github\hakusura\haxslagame\haxslagame\x64\release\main.obj
c:\users\g2343\documents\github\hakusura\haxslagame\haxslagame\x64\release\player.obj
c:\users\g2343\documents\github\hakusura\haxslagame\haxslagame\x64\release\rlimgui.obj
c:\users\g2343\documents\github\hakusura\haxslagame\haxslagame\x64\release\ui.obj
c:\users\g2343\documents\github\hakusura\haxslagame\haxslagame\x64\release\haxslagame.ipdb
c:\users\g2343\documents\github\hakusura\haxslagame\haxslagame\x64\release\haxslagame.iobj
c:\users\g2343\documents\github\hakusura\haxslagame\x64\release\haxslagame.pdb
c:\users\g2343\documents\github\hakusura\haxslagame\x64\release\haxslagame.exe
c:\users\g2343\documents\github\hakusura\haxslagame\haxslagame\x64\release\haxslagame.tlog\cl.command.1.tlog
c:\users\g2343\documents\github\hakusura\haxslagame\haxslagame\x64\release\haxslagame.tlog\cl.items.tlog
c:\users\g2343\documents\github\hakusura\haxslagame\haxslagame\x64\release\haxslagame.tlog\cl.read.1.tlog
c:\users\g2343\documents\github\hakusura\haxslagame\haxslagame\x64\release\haxslagame.tlog\cl.write.1.tlog
c:\users\g2343\documents\github\hakusura\haxslagame\haxslagame\x64\release\haxslagame.tlog\link.command.1.tlog
c:\users\g2343\documents\github\hakusura\haxslagame\haxslagame\x64\release\haxslagame.tlog\link.read.1.tlog
c:\users\g2343\documents\github\hakusura\haxslagame\haxslagame\x64\release\haxslagame.tlog\link.secondary.1.tlog
c:\users\g2343\documents\github\hakusura\haxslagame\haxslagame\x64\release\haxslagame.tlog\link.write.1.tlog
